Performing C SOURCE FILE Test CMAKE_HAVE_LIBC_PTHREAD failed with the following output:
Change Dir: /home/shashvat/Wall-E/taf/build/CMakeFiles/CMakeTmp

Run Build Command(s):/usr/bin/ninja cmTC_7bea8 && [1/2] Building C object CMakeFiles/cmTC_7bea8.dir/src.c.obj
[2/2] Linking C executable cmTC_7bea8
FAILED: cmTC_7bea8 
: && /home/shashvat/.espressif/tools/xtensa-esp32-elf/esp-12.2.0_20230208/xtensa-esp32-elf/bin/xtensa-esp32-elf-gcc -mlongcalls -Wno-frame-address  CMakeFiles/cmTC_7bea8.dir/src.c.obj -o cmTC_7bea8   && :
/home/shashvat/.espressif/tools/xtensa-esp32-elf/esp-12.2.0_20230208/xtensa-esp32-elf/bin/../lib/gcc/xtensa-esp32-elf/12.2.0/../../../../xtensa-esp32-elf/bin/ld: CMakeFiles/cmTC_7bea8.dir/src.c.obj:(.literal+0x10): warning: pthread_join is not implemented and will always fail
/home/shashvat/.espressif/tools/xtensa-esp32-elf/esp-12.2.0_20230208/xtensa-esp32-elf/bin/../lib/gcc/xtensa-esp32-elf/12.2.0/../../../../xtensa-esp32-elf/bin/ld: CMakeFiles/cmTC_7bea8.dir/src.c.obj:(.literal+0x18): warning: pthread_exit is not implemented and will always fail
/home/shashvat/.espressif/tools/xtensa-esp32-elf/esp-12.2.0_20230208/xtensa-esp32-elf/bin/../lib/gcc/xtensa-esp32-elf/12.2.0/../../../../xtensa-esp32-elf/bin/ld: CMakeFiles/cmTC_7bea8.dir/src.c.obj:(.literal+0x8): warning: pthread_detach is not implemented and will always fail
/home/shashvat/.espressif/tools/xtensa-esp32-elf/esp-12.2.0_20230208/xtensa-esp32-elf/bin/../lib/gcc/xtensa-esp32-elf/12.2.0/../../../../xtensa-esp32-elf/bin/ld: CMakeFiles/cmTC_7bea8.dir/src.c.obj:(.literal+0x4): warning: pthread_create is not implemented and will always fail
/home/shashvat/.espressif/tools/xtensa-esp32-elf/esp-12.2.0_20230208/xtensa-esp32-elf/bin/../lib/gcc/xtensa-esp32-elf/12.2.0/../../../../xtensa-esp32-elf/bin/ld: CMakeFiles/cmTC_7bea8.dir/src.c.obj:(.literal+0xc): warning: pthread_cancel is not implemented and will always fail
/home/shashvat/.espressif/tools/xtensa-esp32-elf/esp-12.2.0_20230208/xtensa-esp32-elf/bin/../lib/gcc/xtensa-esp32-elf/12.2.0/../../../../xtensa-esp32-elf/bin/ld: CMakeFiles/cmTC_7bea8.dir/src.c.obj:(.literal+0x4): undefined reference to `pthread_atfork'
/home/shashvat/.espressif/tools/xtensa-esp32-elf/esp-12.2.0_20230208/xtensa-esp32-elf/bin/../lib/gcc/xtensa-esp32-elf/12.2.0/../../../../xtensa-esp32-elf/bin/ld: CMakeFiles/cmTC_7bea8.dir/src.c.obj: in function `main':
src.c:(.text+0x3f): undefined reference to `pthread_atfork'
collect2: error: ld returned 1 exit status
ninja: build stopped: subcommand failed.


Source file was:
#include <pthread.h>

static void* test_func(void* data)
{
  return data;
}

int main(void)
{
  pthread_t thread;
  pthread_create(&thread, NULL, test_func, NULL);
  pthread_detach(thread);
  pthread_cancel(thread);
  pthread_join(thread, NULL);
  pthread_atfork(NULL, NULL, NULL);
  pthread_exit(NULL);

  return 0;
}

Determining if the function pthread_create exists in the pthreads failed with the following output:
Change Dir: /home/shashvat/Wall-E/taf/build/CMakeFiles/CMakeTmp

Run Build Command(s):/usr/bin/ninja cmTC_81b2d && [1/2] Building C object CMakeFiles/cmTC_81b2d.dir/CheckFunctionExists.c.obj
[2/2] Linking C executable cmTC_81b2d
FAILED: cmTC_81b2d 
: && /home/shashvat/.espressif/tools/xtensa-esp32-elf/esp-12.2.0_20230208/xtensa-esp32-elf/bin/xtensa-esp32-elf-gcc -mlongcalls -Wno-frame-address  -DCHECK_FUNCTION_EXISTS=pthread_create  CMakeFiles/cmTC_81b2d.dir/CheckFunctionExists.c.obj -o cmTC_81b2d  -lpthreads && :
/home/shashvat/.espressif/tools/xtensa-esp32-elf/esp-12.2.0_20230208/xtensa-esp32-elf/bin/../lib/gcc/xtensa-esp32-elf/12.2.0/../../../../xtensa-esp32-elf/bin/ld: cannot find -lpthreads: No such file or directory
/home/shashvat/.espressif/tools/xtensa-esp32-elf/esp-12.2.0_20230208/xtensa-esp32-elf/bin/../lib/gcc/xtensa-esp32-elf/12.2.0/../../../../xtensa-esp32-elf/bin/ld: CMakeFiles/cmTC_81b2d.dir/CheckFunctionExists.c.obj:(.literal+0x0): warning: pthread_create is not implemented and will always fail
collect2: error: ld returned 1 exit status
ninja: build stopped: subcommand failed.



Determining if the function pthread_create exists in the pthread failed with the following output:
Change Dir: /home/shashvat/Wall-E/taf/build/CMakeFiles/CMakeTmp

Run Build Command(s):/usr/bin/ninja cmTC_61588 && [1/2] Building C object CMakeFiles/cmTC_61588.dir/CheckFunctionExists.c.obj
[2/2] Linking C executable cmTC_61588
FAILED: cmTC_61588 
: && /home/shashvat/.espressif/tools/xtensa-esp32-elf/esp-12.2.0_20230208/xtensa-esp32-elf/bin/xtensa-esp32-elf-gcc -mlongcalls -Wno-frame-address  -DCHECK_FUNCTION_EXISTS=pthread_create  CMakeFiles/cmTC_61588.dir/CheckFunctionExists.c.obj -o cmTC_61588  -lpthread && :
/home/shashvat/.espressif/tools/xtensa-esp32-elf/esp-12.2.0_20230208/xtensa-esp32-elf/bin/../lib/gcc/xtensa-esp32-elf/12.2.0/../../../../xtensa-esp32-elf/bin/ld: cannot find -lpthread: No such file or directory
/home/shashvat/.espressif/tools/xtensa-esp32-elf/esp-12.2.0_20230208/xtensa-esp32-elf/bin/../lib/gcc/xtensa-esp32-elf/12.2.0/../../../../xtensa-esp32-elf/bin/ld: CMakeFiles/cmTC_61588.dir/CheckFunctionExists.c.obj:(.literal+0x0): warning: pthread_create is not implemented and will always fail
collect2: error: ld returned 1 exit status
ninja: build stopped: subcommand failed.



Determining if compiler accepts -pthread failed with the following output:
Change Dir: /home/shashvat/Wall-E/taf/build/CMakeFiles/CMakeTmp

Run Build Command(s):/usr/bin/ninja cmTC_8d2e7 && [1/2] Building C object CMakeFiles/cmTC_8d2e7.dir/CheckForPthreads.c.obj
[2/2] Linking C executable cmTC_8d2e7
FAILED: cmTC_8d2e7 
: && /home/shashvat/.espressif/tools/xtensa-esp32-elf/esp-12.2.0_20230208/xtensa-esp32-elf/bin/xtensa-esp32-elf-gcc -mlongcalls -Wno-frame-address  CMakeFiles/cmTC_8d2e7.dir/CheckForPthreads.c.obj -o cmTC_8d2e7  -pthread && :
xtensa-esp32-elf-gcc: error: unrecognized command-line option '-pthread'
ninja: build stopped: subcommand failed.



